---
source: decompiler/src/decompile/tests/snapshots.rs
assertion_line: 29
expression: rendered
---
pub type Unknown_S_1 {
  Unknown_S_1_0(Data, Data)
  Unknown_S_1_1
}

validator decompiled(datum, redeemer, script_context) {
  let head_bytes: ByteArray = builtin.un_b_data(datum.fields.head)
  let int: Int = builtin.un_i_data(datum.fields[1])
  when redeemer is {
    Unknown_S_1_0(field_0, field_1) ->
      let head: Int = builtin.un_i_data(field_0)
      let e: ByteArray = head_bytes <> "VAULT"
      expect head > 0
      expect head / 10 <= int
      if 0 == 0 {
        expect e != builtin.un_b_data(field_1)
        True
      } else {
        expect e != e
        True
      }
    Unknown_S_1_1 ->
      let head_list: List<Data> = builtin.un_list_data(script_context.tx_info)
      let list_partial = [builtin.i_data(int), builtin.i_data(1)]
      expect helper(head_list) + helper(list_partial) == int * 2
      expect helper_2(head_list) > 0
      True
    _ ->
      expect int < int + builtin.un_i_data(redeemer.fields.head)
      expect ByteArray.slice(
        0,
        ByteArray.length(head_bytes),
        helper_3(builtin.un_list_data(redeemer.fields[1]))
      ) == head_bytes
      True
  }
}
rec fn helper_3(y_3: List<Data>) {
  when y_3 is {
    [] -> #""
    [head, ..tail] -> builtin.un_b_data(head) <> helper_3(tail)
  }
}
rec fn helper_2(y_2: List<Data>) {
  when y_2 is {
    [] -> 0
    [_head, ..tail] -> helper_2(tail) + 1
  }
}
rec fn helper(y: List<Data>) {
  when y is {
    [] -> 0
    [head, ..tail] -> builtin.un_i_data(head) + helper(tail)
  }
}
